2026-05-14 19:31:14.595 Uvicorn server started on 0.0.0.0:8502

  You can now view your Streamlit app in your browser.

  Local URL: http://localhost:8502
  Network URL: http://10.0.0.145:8502
  External URL: http://20.192.21.49:8502

[2026-05-14T19:32:56Z WARN  lance::dataset::scanner] Deprecation warning, this behavior will change in the future. This search specified output columns but did not include `_distance`.  Currently the `_distance` column will be included.  In the future it will not.  Call `disable_scoring_autoprojection` to adopt the future behavior and avoid this warning
[2026-05-14T19:33:06Z WARN  lance::dataset::scanner] Deprecation warning, this behavior will change in the future. This search specified output columns but did not include `_distance`.  Currently the `_distance` column will be included.  In the future it will not.  Call `disable_scoring_autoprojection` to adopt the future behavior and avoid this warning
[2026-05-14T19:33:19Z WARN  lance::dataset::scanner] Deprecation warning, this behavior will change in the future. This search specified output columns but did not include `_distance`.  Currently the `_distance` column will be included.  In the future it will not.  Call `disable_scoring_autoprojection` to adopt the future behavior and avoid this warning
[2026-05-14T19:33:27Z WARN  lance::dataset::scanner] Deprecation warning, this behavior will change in the future. This search specified output columns but did not include `_distance`.  Currently the `_distance` column will be included.  In the future it will not.  Call `disable_scoring_autoprojection` to adopt the future behavior and avoid this warning
[2026-05-14T19:33:34Z WARN  lance::dataset::scanner] Deprecation warning, this behavior will change in the future. This search specified output columns but did not include `_distance`.  Currently the `_distance` column will be included.  In the future it will not.  Call `disable_scoring_autoprojection` to adopt the future behavior and avoid this warning
[2026-05-14T19:33:40Z WARN  lance::dataset::scanner] Deprecation warning, this behavior will change in the future. This search specified output columns but did not include `_distance`.  Currently the `_distance` column will be included.  In the future it will not.  Call `disable_scoring_autoprojection` to adopt the future behavior and avoid this warning
[2026-05-14T19:33:47Z WARN  lance::dataset::scanner] Deprecation warning, this behavior will change in the future. This search specified output columns but did not include `_distance`.  Currently the `_distance` column will be included.  In the future it will not.  Call `disable_scoring_autoprojection` to adopt the future behavior and avoid this warning
[2026-05-14T19:33:56Z WARN  lance::dataset::scanner] Deprecation warning, this behavior will change in the future. This search specified output columns but did not include `_distance`.  Currently the `_distance` column will be included.  In the future it will not.  Call `disable_scoring_autoprojection` to adopt the future behavior and avoid this warning
[2026-05-14T19:34:08Z WARN  lance::dataset::scanner] Deprecation warning, this behavior will change in the future. This search specified output columns but did not include `_distance`.  Currently the `_distance` column will be included.  In the future it will not.  Call `disable_scoring_autoprojection` to adopt the future behavior and avoid this warning
[2026-05-14T19:34:12Z WARN  lance::dataset::scanner] Deprecation warning, this behavior will change in the future. This search specified output columns but did not include `_distance`.  Currently the `_distance` column will be included.  In the future it will not.  Call `disable_scoring_autoprojection` to adopt the future behavior and avoid this warning
[2026-05-14T19:34:15Z WARN  lance::dataset::scanner] Deprecation warning, this behavior will change in the future. This search specified output columns but did not include `_distance`.  Currently the `_distance` column will be included.  In the future it will not.  Call `disable_scoring_autoprojection` to adopt the future behavior and avoid this warning
[2026-05-14T19:34:19Z WARN  lance::dataset::scanner] Deprecation warning, this behavior will change in the future. This search specified output columns but did not include `_distance`.  Currently the `_distance` column will be included.  In the future it will not.  Call `disable_scoring_autoprojection` to adopt the future behavior and avoid this warning
[2026-05-14T19:34:24Z WARN  lance::dataset::scanner] Deprecation warning, this behavior will change in the future. This search specified output columns but did not include `_distance`.  Currently the `_distance` column will be included.  In the future it will not.  Call `disable_scoring_autoprojection` to adopt the future behavior and avoid this warning
[2026-05-14T19:34:26Z WARN  lance::dataset::scanner] Deprecation warning, this behavior will change in the future. This search specified output columns but did not include `_distance`.  Currently the `_distance` column will be included.  In the future it will not.  Call `disable_scoring_autoprojection` to adopt the future behavior and avoid this warning
[2026-05-14T19:34:27Z WARN  lance::dataset::scanner] Deprecation warning, this behavior will change in the future. This search specified output columns but did not include `_distance`.  Currently the `_distance` column will be included.  In the future it will not.  Call `disable_scoring_autoprojection` to adopt the future behavior and avoid this warning
[2026-05-14T19:34:31Z WARN  lance::dataset::scanner] Deprecation warning, this behavior will change in the future. This search specified output columns but did not include `_distance`.  Currently the `_distance` column will be included.  In the future it will not.  Call `disable_scoring_autoprojection` to adopt the future behavior and avoid this warning
